type int
type char
type double
type struct a
struct a b
int main
