type int
type char
type double
int const a
int main
