type int
type char
type double
type a
a b
int main
