type int
type char
type double
type int*
int* a
int main
