type int
type char
type double
type dou
dou a
int main
