type int
type char
type double
int a
int b
int main
