type int
type char
type double
int i
double d
char c
int main
