type int
type char
type double
type int*
int* const a
int main
