type int
type char
type double
type struct a
type a
int main
