type int
type char
type double
int a<- int
int main
