type int
type char
type double
int a
type int*
int* b
int main
