type int
type char
type double
int i
int main
  do
    {
    }
  while
    i
  do
    {
    int a
    }
  while
    i
