type int
type char
type double
int j
int main
  for
       j
      /
    =
      \
       0
  _
       j
      /
    <
      \
       3
  _
       j
    ++
  {
  }
