test49.c:2:9 error: expected unqualified-id before ‘;’
