test48.c:3:5 error: expected unqualified-id before ‘;’
