wonderful
wadsd
what
LOL
type int
type char
type double
int main
       2
      /
    +
      \
       3
