wonderful
wadsd
what
LOLint
wonderful
wadsd
what
LOL
type int
type char
type double
int function
int main
  int a
       function
      /
    ()
             a
            /
          +
         /
            \
             8
      \
       -
             3
            /
         \
          *
            \
             5
          a
         /
      \
       ==
         \
          3
          5
         /
      \
       +
         \
          34
