wonderful
wadsd
what
LOL
type int
type char
type double
int main
    3.1
