wonderful
wadsd
what
LOL
type int
type char
type double
int main
  int a
  int b
  int n
             a
            /
          ==
         /
            \
             3
       &&
      /
             b
            /
         \
          <
            \
             7
    ||
          n
         /
      \
       >=
         \
          3
