wonderful
wadsd
what
LOL
type int
type char
type double
int main
  arr k
  int a
          k
         /
       []
            \
             a
          ++
    ++
