wonderful
wadsd
what
LOL
type int
type char
type double
int main
  int a
  int b
             a
            /
          .
         /
            \
             b
       +
      /
         \
          7
    -
      \
       3
