test21.c:2:8 error: expected unqualified-id before ‘/’
