LOLint
wonderful
wadsd
what
LOL
type int
type char
type double
int x
int main
    --
    x
