wonderful
wadsd
what
LOL
type int
type char
type double
int main
       1
      /
    +
          2
         /
      \
       +
             3
            /
         \
          +
                4
               /
            \
             +
                   5
                  /
               \
                +
                  \
                   6
