test53.c:3:8 error: expected unqualified-id before ‘;’
