wonderful
wadsd
what
LOL
type int
type char
type double
int main
                2
               /
             +
            /
               \
                3
          -
         /
            \
             1
       +
      /
         \
          3
    -
      \
       4
