test29.c:2:12 error: expected unqualified-id before ‘;’
