wonderful
wadsd
what
LOLint
wonderful
wadsd
what
LOL
type int
type char
type double
int function
int main
  int a
       function
      /
    ()
      \
       a
