LOLint
wonderful
wadsd
what
LOL
type int
type char
type double
int a
int main
       a
      /
    |=
      \
       a
