wonderful
wadsd
what
LOL
type int
type char
type double
int main
    sizeof
          3
         /
       +
      /
         \
          7
    <<
      \
       2
