wonderful
wadsd
what
LOL
type int
type char
type double
int main
          7
         /
       (double)
      /
    /
      \
       (double)
         \
          3.5
