wonderful
wadsd
what
LOL
type int
type char
type double
int main
  int a
       a
      /
    /=
             5
            /
          *
         /
            \
             a
      \
       +
             3
            /
         \
          ==
            \
             4
